mkdir -p build/00_semihosting-hello-world/
clang -march=rv32imafdc -mabi=ilp32d -mcmodel=medany --target=riscv32-none-elf -O2 -g -ffunction-sections -fdata-sections -Wall -Wextra -Werror -Isrc -DWASM_RT_THREAD_LOCAL= -MMD -MP -I/nix/store/vhwlwgxd79ndxdji6qb188kv8m8ymhf2-wabt-1.0.41/include -I/nix/store/vifnhjpk052f96i9d5pf5zazslvwp676-newlib-riscv32-none-elf-4.5.0.20241231/riscv32-none-elf/include -Ibuild/00_semihosting-hello-world -c tests/00_semihosting-hello-world/main.c -o build/00_semihosting-hello-world/main.o
mkdir -p build/00_semihosting-hello-world/
clang -march=rv32imafdc -mabi=ilp32d -mcmodel=medany --target=riscv32-none-elf -nostartfiles  -T src/link.ld -Wl,--gc-sections -fuse-ld=lld -L/nix/store/vifnhjpk052f96i9d5pf5zazslvwp676-newlib-riscv32-none-elf-4.5.0.20241231/riscv32-none-elf/lib --rtlib=libgcc -L/nix/store/k5vhsnaiypb4igrjnj9k5mjjafll843d-riscv32-none-elf-gcc-15.2.0/lib/gcc/riscv32-none-elf/15.2.0/ --unwindlib=none build/crt0.o build/wasm-rt-baremetal.o build/00_semihosting-hello-world/main.o -lc -lsemihost -o build/00_semihosting-hello-world/00_semihosting-hello-world
clang: warning: argument unused during compilation: '--unwindlib=none' [-Wunused-command-line-argument]

   text	   data	    bss	    dec	    hex	filename
  12884	   1392	    940	  15216	   3b70	build/00_semihosting-hello-world/00_semihosting-hello-world
mkdir -p build/01_constant/
wat2wasm -o build/01_constant/constant.wasm tests/01_constant/constant.wat
mkdir -p build/01_constant/
wasm2c -n constant -o build/01_constant/constant.wasm.c build/01_constant/constant.wasm
mkdir -p build/01_constant/
clang -march=rv32imafdc -mabi=ilp32d -mcmodel=medany --target=riscv32-none-elf -O2 -g -ffunction-sections -fdata-sections -Wall -Wextra -Werror -Isrc -DWASM_RT_THREAD_LOCAL= -MMD -MP -I/nix/store/vhwlwgxd79ndxdji6qb188kv8m8ymhf2-wabt-1.0.41/include -I/nix/store/vifnhjpk052f96i9d5pf5zazslvwp676-newlib-riscv32-none-elf-4.5.0.20241231/riscv32-none-elf/include -Ibuild/01_constant -c tests/01_constant/main.c -o build/01_constant/main.o
mkdir -p build/01_constant/
clang -march=rv32imafdc -mabi=ilp32d -mcmodel=medany --target=riscv32-none-elf -O2 -g -ffunction-sections -fdata-sections -Wall -Wextra -Werror -Isrc -DWASM_RT_THREAD_LOCAL= -MMD -MP -I/nix/store/vhwlwgxd79ndxdji6qb188kv8m8ymhf2-wabt-1.0.41/include -I/nix/store/vifnhjpk052f96i9d5pf5zazslvwp676-newlib-riscv32-none-elf-4.5.0.20241231/riscv32-none-elf/include -Wno-unused-variable -Wno-unused-function -Wno-unused-value -Wno-unused-parameter -Ibuild/01_constant -c build/01_constant/constant.wasm.c -o build/01_constant/constant.wasm.o
mkdir -p build/01_constant/
clang -march=rv32imafdc -mabi=ilp32d -mcmodel=medany --target=riscv32-none-elf -nostartfiles  -T src/link.ld -Wl,--gc-sections -fuse-ld=lld -L/nix/store/vifnhjpk052f96i9d5pf5zazslvwp676-newlib-riscv32-none-elf-4.5.0.20241231/riscv32-none-elf/lib --rtlib=libgcc -L/nix/store/k5vhsnaiypb4igrjnj9k5mjjafll843d-riscv32-none-elf-gcc-15.2.0/lib/gcc/riscv32-none-elf/15.2.0/ --unwindlib=none build/crt0.o build/wasm-rt-baremetal.o build/01_constant/main.o build/01_constant/constant.wasm.o -lc -lsemihost -o build/01_constant/01_constant
clang: warning: argument unused during compilation: '--unwindlib=none' [-Wunused-command-line-argument]

   text	   data	    bss	    dec	    hex	filename
  35812	   1752	    944	  38508	   966c	build/01_constant/01_constant
mkdir -p build/02_global/
wat2wasm -o build/02_global/global.wasm tests/02_global/global.wat
mkdir -p build/02_global/
wasm2c -n global -o build/02_global/global.wasm.c build/02_global/global.wasm
mkdir -p build/02_global/
clang -march=rv32imafdc -mabi=ilp32d -mcmodel=medany --target=riscv32-none-elf -O2 -g -ffunction-sections -fdata-sections -Wall -Wextra -Werror -Isrc -DWASM_RT_THREAD_LOCAL= -MMD -MP -I/nix/store/vhwlwgxd79ndxdji6qb188kv8m8ymhf2-wabt-1.0.41/include -I/nix/store/vifnhjpk052f96i9d5pf5zazslvwp676-newlib-riscv32-none-elf-4.5.0.20241231/riscv32-none-elf/include -Ibuild/02_global -c tests/02_global/main.c -o build/02_global/main.o
mkdir -p build/02_global/
clang -march=rv32imafdc -mabi=ilp32d -mcmodel=medany --target=riscv32-none-elf -O2 -g -ffunction-sections -fdata-sections -Wall -Wextra -Werror -Isrc -DWASM_RT_THREAD_LOCAL= -MMD -MP -I/nix/store/vhwlwgxd79ndxdji6qb188kv8m8ymhf2-wabt-1.0.41/include -I/nix/store/vifnhjpk052f96i9d5pf5zazslvwp676-newlib-riscv32-none-elf-4.5.0.20241231/riscv32-none-elf/include -Wno-unused-variable -Wno-unused-function -Wno-unused-value -Wno-unused-parameter -Ibuild/02_global -c build/02_global/global.wasm.c -o build/02_global/global.wasm.o
mkdir -p build/02_global/
clang -march=rv32imafdc -mabi=ilp32d -mcmodel=medany --target=riscv32-none-elf -nostartfiles  -T src/link.ld -Wl,--gc-sections -fuse-ld=lld -L/nix/store/vifnhjpk052f96i9d5pf5zazslvwp676-newlib-riscv32-none-elf-4.5.0.20241231/riscv32-none-elf/lib --rtlib=libgcc -L/nix/store/k5vhsnaiypb4igrjnj9k5mjjafll843d-riscv32-none-elf-gcc-15.2.0/lib/gcc/riscv32-none-elf/15.2.0/ --unwindlib=none build/crt0.o build/wasm-rt-baremetal.o build/02_global/main.o build/02_global/global.wasm.o -lc -lsemihost -o build/02_global/02_global
clang: warning: argument unused during compilation: '--unwindlib=none' [-Wunused-command-line-argument]

   text	   data	    bss	    dec	    hex	filename
  36180	   1752	    944	  38876	   97dc	build/02_global/02_global
mkdir -p build/03_memory/
wat2wasm -o build/03_memory/memory.wasm tests/03_memory/memory.wat
mkdir -p build/03_memory/
wasm2c -n memory -o build/03_memory/memory.wasm.c build/03_memory/memory.wasm
mkdir -p build/03_memory/
clang -march=rv32imafdc -mabi=ilp32d -mcmodel=medany --target=riscv32-none-elf -O2 -g -ffunction-sections -fdata-sections -Wall -Wextra -Werror -Isrc -DWASM_RT_THREAD_LOCAL= -MMD -MP -I/nix/store/vhwlwgxd79ndxdji6qb188kv8m8ymhf2-wabt-1.0.41/include -I/nix/store/vifnhjpk052f96i9d5pf5zazslvwp676-newlib-riscv32-none-elf-4.5.0.20241231/riscv32-none-elf/include -Ibuild/03_memory -c tests/03_memory/main.c -o build/03_memory/main.o
mkdir -p build/03_memory/
clang -march=rv32imafdc -mabi=ilp32d -mcmodel=medany --target=riscv32-none-elf -O2 -g -ffunction-sections -fdata-sections -Wall -Wextra -Werror -Isrc -DWASM_RT_THREAD_LOCAL= -MMD -MP -I/nix/store/vhwlwgxd79ndxdji6qb188kv8m8ymhf2-wabt-1.0.41/include -I/nix/store/vifnhjpk052f96i9d5pf5zazslvwp676-newlib-riscv32-none-elf-4.5.0.20241231/riscv32-none-elf/include -Wno-unused-variable -Wno-unused-function -Wno-unused-value -Wno-unused-parameter -Ibuild/03_memory -c build/03_memory/memory.wasm.c -o build/03_memory/memory.wasm.o
mkdir -p build/03_memory/
clang -march=rv32imafdc -mabi=ilp32d -mcmodel=medany --target=riscv32-none-elf -nostartfiles  -T src/link.ld -Wl,--gc-sections -fuse-ld=lld -L/nix/store/vifnhjpk052f96i9d5pf5zazslvwp676-newlib-riscv32-none-elf-4.5.0.20241231/riscv32-none-elf/lib --rtlib=libgcc -L/nix/store/k5vhsnaiypb4igrjnj9k5mjjafll843d-riscv32-none-elf-gcc-15.2.0/lib/gcc/riscv32-none-elf/15.2.0/ --unwindlib=none build/crt0.o build/wasm-rt-baremetal.o build/03_memory/main.o build/03_memory/memory.wasm.o -lc -lsemihost -o build/03_memory/03_memory
clang: warning: argument unused during compilation: '--unwindlib=none' [-Wunused-command-line-argument]

   text	   data	    bss	    dec	    hex	filename
  36740	   1752	 263088	 301580	  49a0c	build/03_memory/03_memory
mkdir -p build/04_function_table/
wat2wasm -o build/04_function_table/function_table.wasm tests/04_function_table/function_table.wat
mkdir -p build/04_function_table/
wasm2c -n function_table -o build/04_function_table/function_table.wasm.c build/04_function_table/function_table.wasm
mkdir -p build/04_function_table/
clang -march=rv32imafdc -mabi=ilp32d -mcmodel=medany --target=riscv32-none-elf -O2 -g -ffunction-sections -fdata-sections -Wall -Wextra -Werror -Isrc -DWASM_RT_THREAD_LOCAL= -MMD -MP -I/nix/store/vhwlwgxd79ndxdji6qb188kv8m8ymhf2-wabt-1.0.41/include -I/nix/store/vifnhjpk052f96i9d5pf5zazslvwp676-newlib-riscv32-none-elf-4.5.0.20241231/riscv32-none-elf/include -Ibuild/04_function_table -c tests/04_function_table/main.c -o build/04_function_table/main.o
mkdir -p build/04_function_table/
clang -march=rv32imafdc -mabi=ilp32d -mcmodel=medany --target=riscv32-none-elf -O2 -g -ffunction-sections -fdata-sections -Wall -Wextra -Werror -Isrc -DWASM_RT_THREAD_LOCAL= -MMD -MP -I/nix/store/vhwlwgxd79ndxdji6qb188kv8m8ymhf2-wabt-1.0.41/include -I/nix/store/vifnhjpk052f96i9d5pf5zazslvwp676-newlib-riscv32-none-elf-4.5.0.20241231/riscv32-none-elf/include -Wno-unused-variable -Wno-unused-function -Wno-unused-value -Wno-unused-parameter -Ibuild/04_function_table -c build/04_function_table/function_table.wasm.c -o build/04_function_table/function_table.wasm.o
mkdir -p build/04_function_table/
clang -march=rv32imafdc -mabi=ilp32d -mcmodel=medany --target=riscv32-none-elf -nostartfiles  -T src/link.ld -Wl,--gc-sections -fuse-ld=lld -L/nix/store/vifnhjpk052f96i9d5pf5zazslvwp676-newlib-riscv32-none-elf-4.5.0.20241231/riscv32-none-elf/lib --rtlib=libgcc -L/nix/store/k5vhsnaiypb4igrjnj9k5mjjafll843d-riscv32-none-elf-gcc-15.2.0/lib/gcc/riscv32-none-elf/15.2.0/ --unwindlib=none build/crt0.o build/wasm-rt-baremetal.o build/04_function_table/main.o build/04_function_table/function_table.wasm.o -lc -lsemihost -o build/04_function_table/04_function_table
clang: warning: argument unused during compilation: '--unwindlib=none' [-Wunused-command-line-argument]

   text	   data	    bss	    dec	    hex	filename
  38708	   1752	    944	  41404	   a1bc	build/04_function_table/04_function_table
mkdir -p build/05_box/
clang --target=wasm32 -O3 -nostdlib -fuse-ld=lld -Wl,--no-entry -Wl,--allow-undefined -Wl,--export-all -o build/05_box/tweetnacl.wasm tests/05_box/tweetnacl.c
mkdir -p build/05_box/
wasm2c -n tweetnacl -o build/05_box/tweetnacl.wasm.c build/05_box/tweetnacl.wasm
mkdir -p build/05_box/
clang -march=rv32imafdc -mabi=ilp32d -mcmodel=medany --target=riscv32-none-elf -O2 -g -ffunction-sections -fdata-sections -Wall -Wextra -Werror -Isrc -DWASM_RT_THREAD_LOCAL= -MMD -MP -I/nix/store/vhwlwgxd79ndxdji6qb188kv8m8ymhf2-wabt-1.0.41/include -I/nix/store/vifnhjpk052f96i9d5pf5zazslvwp676-newlib-riscv32-none-elf-4.5.0.20241231/riscv32-none-elf/include -Ibuild/05_box -c tests/05_box/main_native.c -o build/05_box/main_native.o
mkdir -p build/05_box/
clang -march=rv32imafdc -mabi=ilp32d -mcmodel=medany --target=riscv32-none-elf -O2 -g -ffunction-sections -fdata-sections -Wall -Wextra -Werror -Isrc -DWASM_RT_THREAD_LOCAL= -MMD -MP -I/nix/store/vhwlwgxd79ndxdji6qb188kv8m8ymhf2-wabt-1.0.41/include -I/nix/store/vifnhjpk052f96i9d5pf5zazslvwp676-newlib-riscv32-none-elf-4.5.0.20241231/riscv32-none-elf/include -Wno-sign-compare -Wno-error=unterminated-string-initialization -Ibuild/05_box -c tests/05_box/tweetnacl.c -o build/05_box/tweetnacl.o
mkdir -p build/05_box/
clang -march=rv32imafdc -mabi=ilp32d -mcmodel=medany --target=riscv32-none-elf -O2 -g -ffunction-sections -fdata-sections -Wall -Wextra -Werror -Isrc -DWASM_RT_THREAD_LOCAL= -MMD -MP -I/nix/store/vhwlwgxd79ndxdji6qb188kv8m8ymhf2-wabt-1.0.41/include -I/nix/store/vifnhjpk052f96i9d5pf5zazslvwp676-newlib-riscv32-none-elf-4.5.0.20241231/riscv32-none-elf/include -Wno-unused-variable -Wno-unused-function -Wno-unused-value -Wno-unused-parameter -Ibuild/05_box -c build/05_box/tweetnacl.wasm.c -o build/05_box/tweetnacl.wasm.o
mkdir -p build/05_box/
clang -march=rv32imafdc -mabi=ilp32d -mcmodel=medany --target=riscv32-none-elf -nostartfiles  -T src/link.ld -Wl,--gc-sections -fuse-ld=lld -L/nix/store/vifnhjpk052f96i9d5pf5zazslvwp676-newlib-riscv32-none-elf-4.5.0.20241231/riscv32-none-elf/lib --rtlib=libgcc -L/nix/store/k5vhsnaiypb4igrjnj9k5mjjafll843d-riscv32-none-elf-gcc-15.2.0/lib/gcc/riscv32-none-elf/15.2.0/ --unwindlib=none build/crt0.o build/wasm-rt-baremetal.o build/05_box/main_native.o build/05_box/tweetnacl.o build/05_box/tweetnacl.wasm.o -lc -lsemihost -o build/05_box/05_box_native
clang: warning: argument unused during compilation: '--unwindlib=none' [-Wunused-command-line-argument]

   text	   data	    bss	    dec	    hex	filename
  44220	   1760	    948	  46928	   b750	build/05_box/05_box_native
mkdir -p build/05_box/
clang -march=rv32imafdc -mabi=ilp32d -mcmodel=medany --target=riscv32-none-elf -O2 -g -ffunction-sections -fdata-sections -Wall -Wextra -Werror -Isrc -DWASM_RT_THREAD_LOCAL= -MMD -MP -I/nix/store/vhwlwgxd79ndxdji6qb188kv8m8ymhf2-wabt-1.0.41/include -I/nix/store/vifnhjpk052f96i9d5pf5zazslvwp676-newlib-riscv32-none-elf-4.5.0.20241231/riscv32-none-elf/include -Ibuild/05_box -c tests/05_box/main_wasm.c -o build/05_box/main_wasm.o
mkdir -p build/05_box/
clang -march=rv32imafdc -mabi=ilp32d -mcmodel=medany --target=riscv32-none-elf -nostartfiles  -T src/link.ld -Wl,--gc-sections -fuse-ld=lld -L/nix/store/vifnhjpk052f96i9d5pf5zazslvwp676-newlib-riscv32-none-elf-4.5.0.20241231/riscv32-none-elf/lib --rtlib=libgcc -L/nix/store/k5vhsnaiypb4igrjnj9k5mjjafll843d-riscv32-none-elf-gcc-15.2.0/lib/gcc/riscv32-none-elf/15.2.0/ --unwindlib=none build/crt0.o build/wasm-rt-baremetal.o build/05_box/main_wasm.o build/05_box/tweetnacl.o build/05_box/tweetnacl.wasm.o -lc -lsemihost -o build/05_box/05_box_wasm
clang: warning: argument unused during compilation: '--unwindlib=none' [-Wunused-command-line-argument]

   text	   data	    bss	    dec	    hex	filename
 117796	   1760	 263100	 382656	  5d6c0	build/05_box/05_box_wasm
mkdir -p build/06_polybench/
clang -march=rv32imafdc -mabi=ilp32d -mcmodel=medany --target=riscv32-none-elf -nostartfiles  -T src/link.ld -Wl,--gc-sections -fuse-ld=lld -L/nix/store/vifnhjpk052f96i9d5pf5zazslvwp676-newlib-riscv32-none-elf-4.5.0.20241231/riscv32-none-elf/lib --rtlib=libgcc -L/nix/store/k5vhsnaiypb4igrjnj9k5mjjafll843d-riscv32-none-elf-gcc-15.2.0/lib/gcc/riscv32-none-elf/15.2.0/ --unwindlib=none build/crt0.o build/wasm-rt-baremetal.o build/06_polybench/main_atax_wasm.o build/06_polybench/atax.o build/06_polybench/gemm.o build/06_polybench/mm2.o build/06_polybench/mm3.o build/06_polybench/mvt.o build/06_polybench/atax.wasm.o build/06_polybench/mm2.wasm.o build/06_polybench/mm3.wasm.o build/06_polybench/gemm.wasm.o build/06_polybench/mvt.wasm.o -lc -lsemihost -o build/06_polybench/06_polybench_atax_wasm
clang: warning: argument unused during compilation: '--unwindlib=none' [-Wunused-command-line-argument]

   text	   data	    bss	    dec	    hex	filename
  42997	   1752	 263100	 307849	  4b289	build/06_polybench/06_polybench_atax_wasm
mkdir -p build/06_polybench/
clang -march=rv32imafdc -mabi=ilp32d -mcmodel=medany --target=riscv32-none-elf -O2 -g -ffunction-sections -fdata-sections -Wall -Wextra -Werror -Isrc -DWASM_RT_THREAD_LOCAL= -MMD -MP -I/nix/store/vhwlwgxd79ndxdji6qb188kv8m8ymhf2-wabt-1.0.41/include -I/nix/store/vifnhjpk052f96i9d5pf5zazslvwp676-newlib-riscv32-none-elf-4.5.0.20241231/riscv32-none-elf/include -Itests/06_polybench -Ibuild/06_polybench -c tests/06_polybench/main_gemm_native.c -o build/06_polybench/main_gemm_native.o
mkdir -p build/06_polybench/
clang -march=rv32imafdc -mabi=ilp32d -mcmodel=medany --target=riscv32-none-elf -nostartfiles  -T src/link.ld -Wl,--gc-sections -fuse-ld=lld -L/nix/store/vifnhjpk052f96i9d5pf5zazslvwp676-newlib-riscv32-none-elf-4.5.0.20241231/riscv32-none-elf/lib --rtlib=libgcc -L/nix/store/k5vhsnaiypb4igrjnj9k5mjjafll843d-riscv32-none-elf-gcc-15.2.0/lib/gcc/riscv32-none-elf/15.2.0/ --unwindlib=none build/crt0.o build/wasm-rt-baremetal.o build/06_polybench/main_gemm_native.o build/06_polybench/atax.o build/06_polybench/gemm.o build/06_polybench/mm2.o build/06_polybench/mm3.o build/06_polybench/mvt.o build/06_polybench/atax.wasm.o build/06_polybench/mm2.wasm.o build/06_polybench/mm3.wasm.o build/06_polybench/gemm.wasm.o build/06_polybench/mvt.wasm.o -lc -lsemihost -o build/06_polybench/06_polybench_gemm_native
clang: warning: argument unused during compilation: '--unwindlib=none' [-Wunused-command-line-argument]

   text	   data	    bss	    dec	    hex	filename
  36509	   1752	    948	  39209	   9929	build/06_polybench/06_polybench_gemm_native
mkdir -p build/06_polybench/
clang -march=rv32imafdc -mabi=ilp32d -mcmodel=medany --target=riscv32-none-elf -O2 -g -ffunction-sections -fdata-sections -Wall -Wextra -Werror -Isrc -DWASM_RT_THREAD_LOCAL= -MMD -MP -I/nix/store/vhwlwgxd79ndxdji6qb188kv8m8ymhf2-wabt-1.0.41/include -I/nix/store/vifnhjpk052f96i9d5pf5zazslvwp676-newlib-riscv32-none-elf-4.5.0.20241231/riscv32-none-elf/include -Itests/06_polybench -Ibuild/06_polybench -c tests/06_polybench/main_gemm_wasm.c -o build/06_polybench/main_gemm_wasm.o
mkdir -p build/06_polybench/
clang -march=rv32imafdc -mabi=ilp32d -mcmodel=medany --target=riscv32-none-elf -nostartfiles  -T src/link.ld -Wl,--gc-sections -fuse-ld=lld -L/nix/store/vifnhjpk052f96i9d5pf5zazslvwp676-newlib-riscv32-none-elf-4.5.0.20241231/riscv32-none-elf/lib --rtlib=libgcc -L/nix/store/k5vhsnaiypb4igrjnj9k5mjjafll843d-riscv32-none-elf-gcc-15.2.0/lib/gcc/riscv32-none-elf/15.2.0/ --unwindlib=none build/crt0.o build/wasm-rt-baremetal.o build/06_polybench/main_gemm_wasm.o build/06_polybench/atax.o build/06_polybench/gemm.o build/06_polybench/mm2.o build/06_polybench/mm3.o build/06_polybench/mvt.o build/06_polybench/atax.wasm.o build/06_polybench/mm2.wasm.o build/06_polybench/mm3.wasm.o build/06_polybench/gemm.wasm.o build/06_polybench/mvt.wasm.o -lc -lsemihost -o build/06_polybench/06_polybench_gemm_wasm
clang: warning: argument unused during compilation: '--unwindlib=none' [-Wunused-command-line-argument]

   text	   data	    bss	    dec	    hex	filename
  45869	   1752	 263100	 310721	  4bdc1	build/06_polybench/06_polybench_gemm_wasm
mkdir -p build/06_polybench/
clang -march=rv32imafdc -mabi=ilp32d -mcmodel=medany --target=riscv32-none-elf -O2 -g -ffunction-sections -fdata-sections -Wall -Wextra -Werror -Isrc -DWASM_RT_THREAD_LOCAL= -MMD -MP -I/nix/store/vhwlwgxd79ndxdji6qb188kv8m8ymhf2-wabt-1.0.41/include -I/nix/store/vifnhjpk052f96i9d5pf5zazslvwp676-newlib-riscv32-none-elf-4.5.0.20241231/riscv32-none-elf/include -Itests/06_polybench -Ibuild/06_polybench -c tests/06_polybench/main_mm2_native.c -o build/06_polybench/main_mm2_native.o
mkdir -p build/06_polybench/
clang -march=rv32imafdc -mabi=ilp32d -mcmodel=medany --target=riscv32-none-elf -nostartfiles  -T src/link.ld -Wl,--gc-sections -fuse-ld=lld -L/nix/store/vifnhjpk052f96i9d5pf5zazslvwp676-newlib-riscv32-none-elf-4.5.0.20241231/riscv32-none-elf/lib --rtlib=libgcc -L/nix/store/k5vhsnaiypb4igrjnj9k5mjjafll843d-riscv32-none-elf-gcc-15.2.0/lib/gcc/riscv32-none-elf/15.2.0/ --unwindlib=none build/crt0.o build/wasm-rt-baremetal.o build/06_polybench/main_mm2_native.o build/06_polybench/atax.o build/06_polybench/gemm.o build/06_polybench/mm2.o build/06_polybench/mm3.o build/06_polybench/mvt.o build/06_polybench/atax.wasm.o build/06_polybench/mm2.wasm.o build/06_polybench/mm3.wasm.o build/06_polybench/gemm.wasm.o build/06_polybench/mvt.wasm.o -lc -lsemihost -o build/06_polybench/06_polybench_mm2_native
clang: warning: argument unused during compilation: '--unwindlib=none' [-Wunused-command-line-argument]

   text	   data	    bss	    dec	    hex	filename
  36701	   1752	    948	  39401	   99e9	build/06_polybench/06_polybench_mm2_native
mkdir -p build/06_polybench/
clang -march=rv32imafdc -mabi=ilp32d -mcmodel=medany --target=riscv32-none-elf -O2 -g -ffunction-sections -fdata-sections -Wall -Wextra -Werror -Isrc -DWASM_RT_THREAD_LOCAL= -MMD -MP -I/nix/store/vhwlwgxd79ndxdji6qb188kv8m8ymhf2-wabt-1.0.41/include -I/nix/store/vifnhjpk052f96i9d5pf5zazslvwp676-newlib-riscv32-none-elf-4.5.0.20241231/riscv32-none-elf/include -Itests/06_polybench -Ibuild/06_polybench -c tests/06_polybench/main_mm2_wasm.c -o build/06_polybench/main_mm2_wasm.o
mkdir -p build/06_polybench/
clang -march=rv32imafdc -mabi=ilp32d -mcmodel=medany --target=riscv32-none-elf -nostartfiles  -T src/link.ld -Wl,--gc-sections -fuse-ld=lld -L/nix/store/vifnhjpk052f96i9d5pf5zazslvwp676-newlib-riscv32-none-elf-4.5.0.20241231/riscv32-none-elf/lib --rtlib=libgcc -L/nix/store/k5vhsnaiypb4igrjnj9k5mjjafll843d-riscv32-none-elf-gcc-15.2.0/lib/gcc/riscv32-none-elf/15.2.0/ --unwindlib=none build/crt0.o build/wasm-rt-baremetal.o build/06_polybench/main_mm2_wasm.o build/06_polybench/atax.o build/06_polybench/gemm.o build/06_polybench/mm2.o build/06_polybench/mm3.o build/06_polybench/mvt.o build/06_polybench/atax.wasm.o build/06_polybench/mm2.wasm.o build/06_polybench/mm3.wasm.o build/06_polybench/gemm.wasm.o build/06_polybench/mvt.wasm.o -lc -lsemihost -o build/06_polybench/06_polybench_mm2_wasm
clang: warning: argument unused during compilation: '--unwindlib=none' [-Wunused-command-line-argument]

   text	   data	    bss	    dec	    hex	filename
  50413	   1752	 263100	 315265	  4cf81	build/06_polybench/06_polybench_mm2_wasm
mkdir -p build/06_polybench/
clang -march=rv32imafdc -mabi=ilp32d -mcmodel=medany --target=riscv32-none-elf -O2 -g -ffunction-sections -fdata-sections -Wall -Wextra -Werror -Isrc -DWASM_RT_THREAD_LOCAL= -MMD -MP -I/nix/store/vhwlwgxd79ndxdji6qb188kv8m8ymhf2-wabt-1.0.41/include -I/nix/store/vifnhjpk052f96i9d5pf5zazslvwp676-newlib-riscv32-none-elf-4.5.0.20241231/riscv32-none-elf/include -Itests/06_polybench -Ibuild/06_polybench -c tests/06_polybench/main_mm3_native.c -o build/06_polybench/main_mm3_native.o
mkdir -p build/06_polybench/
clang -march=rv32imafdc -mabi=ilp32d -mcmodel=medany --target=riscv32-none-elf -nostartfiles  -T src/link.ld -Wl,--gc-sections -fuse-ld=lld -L/nix/store/vifnhjpk052f96i9d5pf5zazslvwp676-newlib-riscv32-none-elf-4.5.0.20241231/riscv32-none-elf/lib --rtlib=libgcc -L/nix/store/k5vhsnaiypb4igrjnj9k5mjjafll843d-riscv32-none-elf-gcc-15.2.0/lib/gcc/riscv32-none-elf/15.2.0/ --unwindlib=none build/crt0.o build/wasm-rt-baremetal.o build/06_polybench/main_mm3_native.o build/06_polybench/atax.o build/06_polybench/gemm.o build/06_polybench/mm2.o build/06_polybench/mm3.o build/06_polybench/mvt.o build/06_polybench/atax.wasm.o build/06_polybench/mm2.wasm.o build/06_polybench/mm3.wasm.o build/06_polybench/gemm.wasm.o build/06_polybench/mvt.wasm.o -lc -lsemihost -o build/06_polybench/06_polybench_mm3_native
clang: warning: argument unused during compilation: '--unwindlib=none' [-Wunused-command-line-argument]

   text	   data	    bss	    dec	    hex	filename
  37237	   1752	    948	  39937	   9c01	build/06_polybench/06_polybench_mm3_native
mkdir -p build/06_polybench/
clang -march=rv32imafdc -mabi=ilp32d -mcmodel=medany --target=riscv32-none-elf -O2 -g -ffunction-sections -fdata-sections -Wall -Wextra -Werror -Isrc -DWASM_RT_THREAD_LOCAL= -MMD -MP -I/nix/store/vhwlwgxd79ndxdji6qb188kv8m8ymhf2-wabt-1.0.41/include -I/nix/store/vifnhjpk052f96i9d5pf5zazslvwp676-newlib-riscv32-none-elf-4.5.0.20241231/riscv32-none-elf/include -Itests/06_polybench -Ibuild/06_polybench -c tests/06_polybench/main_mm3_wasm.c -o build/06_polybench/main_mm3_wasm.o
mkdir -p build/06_polybench/
clang -march=rv32imafdc -mabi=ilp32d -mcmodel=medany --target=riscv32-none-elf -nostartfiles  -T src/link.ld -Wl,--gc-sections -fuse-ld=lld -L/nix/store/vifnhjpk052f96i9d5pf5zazslvwp676-newlib-riscv32-none-elf-4.5.0.20241231/riscv32-none-elf/lib --rtlib=libgcc -L/nix/store/k5vhsnaiypb4igrjnj9k5mjjafll843d-riscv32-none-elf-gcc-15.2.0/lib/gcc/riscv32-none-elf/15.2.0/ --unwindlib=none build/crt0.o build/wasm-rt-baremetal.o build/06_polybench/main_mm3_wasm.o build/06_polybench/atax.o build/06_polybench/gemm.o build/06_polybench/mm2.o build/06_polybench/mm3.o build/06_polybench/mvt.o build/06_polybench/atax.wasm.o build/06_polybench/mm2.wasm.o build/06_polybench/mm3.wasm.o build/06_polybench/gemm.wasm.o build/06_polybench/mvt.wasm.o -lc -lsemihost -o build/06_polybench/06_polybench_mm3_wasm
clang: warning: argument unused during compilation: '--unwindlib=none' [-Wunused-command-line-argument]

   text	   data	    bss	    dec	    hex	filename
  49221	   1752	 263100	 314073	  4cad9	build/06_polybench/06_polybench_mm3_wasm
mkdir -p build/06_polybench/
clang -march=rv32imafdc -mabi=ilp32d -mcmodel=medany --target=riscv32-none-elf -O2 -g -ffunction-sections -fdata-sections -Wall -Wextra -Werror -Isrc -DWASM_RT_THREAD_LOCAL= -MMD -MP -I/nix/store/vhwlwgxd79ndxdji6qb188kv8m8ymhf2-wabt-1.0.41/include -I/nix/store/vifnhjpk052f96i9d5pf5zazslvwp676-newlib-riscv32-none-elf-4.5.0.20241231/riscv32-none-elf/include -Itests/06_polybench -Ibuild/06_polybench -c tests/06_polybench/main_mvt_native.c -o build/06_polybench/main_mvt_native.o
mkdir -p build/06_polybench/
clang -march=rv32imafdc -mabi=ilp32d -mcmodel=medany --target=riscv32-none-elf -nostartfiles  -T src/link.ld -Wl,--gc-sections -fuse-ld=lld -L/nix/store/vifnhjpk052f96i9d5pf5zazslvwp676-newlib-riscv32-none-elf-4.5.0.20241231/riscv32-none-elf/lib --rtlib=libgcc -L/nix/store/k5vhsnaiypb4igrjnj9k5mjjafll843d-riscv32-none-elf-gcc-15.2.0/lib/gcc/riscv32-none-elf/15.2.0/ --unwindlib=none build/crt0.o build/wasm-rt-baremetal.o build/06_polybench/main_mvt_native.o build/06_polybench/atax.o build/06_polybench/gemm.o build/06_polybench/mm2.o build/06_polybench/mm3.o build/06_polybench/mvt.o build/06_polybench/atax.wasm.o build/06_polybench/mm2.wasm.o build/06_polybench/mm3.wasm.o build/06_polybench/gemm.wasm.o build/06_polybench/mvt.wasm.o -lc -lsemihost -o build/06_polybench/06_polybench_mvt_native
clang: warning: argument unused during compilation: '--unwindlib=none' [-Wunused-command-line-argument]

   text	   data	    bss	    dec	    hex	filename
  36269	   1752	    948	  38969	   9839	build/06_polybench/06_polybench_mvt_native
mkdir -p build/06_polybench/
clang -march=rv32imafdc -mabi=ilp32d -mcmodel=medany --target=riscv32-none-elf -O2 -g -ffunction-sections -fdata-sections -Wall -Wextra -Werror -Isrc -DWASM_RT_THREAD_LOCAL= -MMD -MP -I/nix/store/vhwlwgxd79ndxdji6qb188kv8m8ymhf2-wabt-1.0.41/include -I/nix/store/vifnhjpk052f96i9d5pf5zazslvwp676-newlib-riscv32-none-elf-4.5.0.20241231/riscv32-none-elf/include -Itests/06_polybench -Ibuild/06_polybench -c tests/06_polybench/main_mvt_wasm.c -o build/06_polybench/main_mvt_wasm.o
mkdir -p build/06_polybench/
clang -march=rv32imafdc -mabi=ilp32d -mcmodel=medany --target=riscv32-none-elf -nostartfiles  -T src/link.ld -Wl,--gc-sections -fuse-ld=lld -L/nix/store/vifnhjpk052f96i9d5pf5zazslvwp676-newlib-riscv32-none-elf-4.5.0.20241231/riscv32-none-elf/lib --rtlib=libgcc -L/nix/store/k5vhsnaiypb4igrjnj9k5mjjafll843d-riscv32-none-elf-gcc-15.2.0/lib/gcc/riscv32-none-elf/15.2.0/ --unwindlib=none build/crt0.o build/wasm-rt-baremetal.o build/06_polybench/main_mvt_wasm.o build/06_polybench/atax.o build/06_polybench/gemm.o build/06_polybench/mm2.o build/06_polybench/mm3.o build/06_polybench/mvt.o build/06_polybench/atax.wasm.o build/06_polybench/mm2.wasm.o build/06_polybench/mm3.wasm.o build/06_polybench/gemm.wasm.o build/06_polybench/mvt.wasm.o -lc -lsemihost -o build/06_polybench/06_polybench_mvt_wasm
clang: warning: argument unused during compilation: '--unwindlib=none' [-Wunused-command-line-argument]

   text	   data	    bss	    dec	    hex	filename
  48125	   1752	 263100	 312977	  4c691	build/06_polybench/06_polybench_mvt_wasm
rm build/03_memory/memory.wasm build/04_function_table/function_table.wasm build/01_constant/constant.wasm build/05_box/tweetnacl.wasm build/02_global/global.wasm
